> Task :app:checkKotlinGradlePluginConfigurationErrors
> Task :app:preBuild UP-TO-DATE
> Task :app:preDebugBuild UP-TO-DATE
> Task :app:checkDebugAarMetadata UP-TO-DATE
> Task :app:generateDebugResValues UP-TO-DATE
> Task :app:mapDebugSourceSetPaths UP-TO-DATE
> Task :app:generateDebugResources UP-TO-DATE
> Task :app:mergeDebugResources UP-TO-DATE
> Task :app:packageDebugResources UP-TO-DATE
> Task :app:parseDebugLocalResources UP-TO-DATE
> Task :app:createDebugCompatibleScreenManifests UP-TO-DATE
> Task :app:extractDeepLinksDebug UP-TO-DATE
> Task :app:processDebugMainManifest UP-TO-DATE
> Task :app:processDebugManifest UP-TO-DATE
> Task :app:processDebugManifestForPackage UP-TO-DATE
> Task :app:processDebugResources UP-TO-DATE
> Task :app:kspDebugKotlin UP-TO-DATE

> Task :app:compileDebugKotlin FAILED
.\gradlew : e: file:///C:/Use
rs/Javier/Desktop/OpenTube/ap
p/src/main/java/com/opentube/
data/repository/UpdateReposit
ory.kt:8:21 Unresolved 
reference: BuildConfig
En línea: 1 Carácter: 1
+ .\gradlew 
compileDebugKotlin 2>&1 > 
build_output.txt; 
Get-Content bui ...
+ ~~~~~~~~~~~~~~~~~~~~~~~~~~~
~~~~~~~~~~~~~~~~~~~~~~~~~
    + CategoryInfo           
   : NotSpecified: (e: file  
  :///C:/U...ce: BuildConf   
 ig:String) [], RemoteExc    
eption
    + FullyQualifiedErrorId  
   : NativeCommandError
 
e: file:///C:/Users/Javier/De
sktop/OpenTube/app/src/main/j
ava/com/opentube/data/reposit
ory/UpdateRepository.kt:71:42
 Unresolved reference: 
BuildConfig
e: file:///C:/Users/Javier/De
sktop/OpenTube/app/src/main/j
ava/com/opentube/data/reposit
ory/UpdateRepository.kt:102:9
 Type mismatch: inferred 
type is Int but Unit was 
expected
e: file:///C:/Users/Javier/De
sktop/OpenTube/app/src/main/j
ava/com/opentube/data/reposit
ory/UpdateRepository.kt:149:1
3 Type mismatch: inferred 
type is Int but Unit was 
expected
e: file:///C:/Users/Javier/De
sktop/OpenTube/app/src/main/j
ava/com/opentube/ui/screens/s
ettings/SettingsScreen.kt:19:
21 Unresolved reference: 
BuildConfig
e: file:///C:/Users/Javier/De
sktop/OpenTube/app/src/main/j
ava/com/opentube/ui/screens/s
ettings/SettingsScreen.kt:264
:43 Unresolved reference: 
BuildConfig
e: file:///C:/Users/Javier/De
sktop/OpenTube/app/src/main/j
ava/com/opentube/ui/screens/s
ettings/SettingsScreen.kt:664
:39 Unresolved reference: 
BuildConfig

FAILURE: Build failed with 
an exception.

* What went wrong:
Execution failed for task 
':app:compileDebugKotlin'.
> A failure occurred while 
executing org.jetbrains.kotli
n.compilerRunner.GradleCompil
erRunnerWithWorkers$GradleKot
linCompilerWorkAction
   > Compilation error. See 
log for more details

* Try:
> Run with --stacktrace 
option to get the stack 
trace.
> Run with --info or --debug 
option to get more log 
output.
> Run with --scan to get 
full insights.
> Get more help at 
https://help.gradle.org.

Deprecated Gradle features were used in this build, making it incompatible with Gradle 9.0.

You can use '--warning-mode all' to show the individual deprecation warnings and determine if they come from your own scripts or plugins.

For more on this, please refer to https://docs.gradle.org/8.9/userguide/command_line_interface.html#sec:command_line_warnings in the Gradle documentation.

BUILD FAILED in 13s
16 actionable tasks: 2 executed, 14 up-to-date
